/fluent-bit/test/logs/eventing.log.actual: [__IGNORED__, {"file_path":"/fluent-bit/test/logs","file":"eventing.log","filename":"/fluent-bit/test/logs/eventing.log","timestamp":"2021-03-09T17:32:15.532+00:00","message":" Started eventing producer version: evt-6.6.0-7909-ee","couchbase":{"logging.version":"99","node":"cb-node.test-cluster.default.svc","cluster":"test-cluster"},"hostname":"test-container","logshipper":"couchbase.sidecar.fluentbit","pod":{"name":"test-pod","namespace":"default"},"fluentbit.version":"99","level":"INFO","level_numeric":"20"}]
/fluent-bit/test/logs/eventing.log.actual: [__IGNORED__, {"file_path":"/fluent-bit/test/logs","file":"eventing.log","filename":"/fluent-bit/test/logs/eventing.log","timestamp":"2021-03-09T17:32:15.545+00:00","message":" Using plain authentication for user <ud>@eventing</ud> ","couchbase":{"logging.version":"99","node":"cb-node.test-cluster.default.svc","cluster":"test-cluster"},"hostname":"test-container","logshipper":"couchbase.sidecar.fluentbit","pod":{"name":"test-pod","namespace":"default"},"fluentbit.version":"99","level":"INFO","level_numeric":"20"}]
/fluent-bit/test/logs/eventing.log.actual: [__IGNORED__, {"file_path":"/fluent-bit/test/logs","file":"eventing.log","filename":"/fluent-bit/test/logs/eventing.log","original_level":"audit","timestamp":"2021/03/09 17:32:15","message":" created new audit service","couchbase":{"logging.version":"99","node":"cb-node.test-cluster.default.svc","cluster":"test-cluster"},"hostname":"test-container","logshipper":"couchbase.sidecar.fluentbit","pod":{"name":"test-pod","namespace":"default"},"fluentbit.version":"99","level":"UNKNOWN","level_numeric":"0"}]
/fluent-bit/test/logs/eventing.log.actual: [__IGNORED__, {"file_path":"/fluent-bit/test/logs","file":"eventing.log","filename":"/fluent-bit/test/logs/eventing.log","timestamp":"2021-03-09T17:32:15.569+00:00","message":" ServiceMgr::newServiceMgr config: util.Config{\"eventing_dir\":\"/opt/couchbase/var/lib/couchbase/data/@eventing\", \"rest_port\":\"8091\", \"uuid\":\"6fc08c5818ffa52dc6c624eda31bddc1\", \"eventing_admin_http_port\":\"8096\", \"eventing_admin_debugger_port\":\"9140\", \"eventing_admin_ssl_port\":\"18096\", \"eventing_admin_ssl_cert\":\"/opt/couchbase/var/lib/couchbase/config/memcached-cert.pem\", \"eventing_admin_ssl_key\":\"/opt/couchbase/var/lib/couchbase/config/memcached-key.pem\"} rebalanceRunning: false","couchbase":{"logging.version":"99","node":"cb-node.test-cluster.default.svc","cluster":"test-cluster"},"hostname":"test-container","logshipper":"couchbase.sidecar.fluentbit","pod":{"name":"test-pod","namespace":"default"},"fluentbit.version":"99","level":"INFO","level_numeric":"20"}]
/fluent-bit/test/logs/eventing.log.actual: [__IGNORED__, {"file_path":"/fluent-bit/test/logs","file":"eventing.log","filename":"/fluent-bit/test/logs/eventing.log","timestamp":"2021-03-09T17:32:15.586+00:00","message":" SuperSupervisor::GlobalConfigChangeCallback [0] Path => /eventing/settings/config value => {\n \"enable_debugger\": false,\n \"ram_quota\": 256\n}","couchbase":{"logging.version":"99","node":"cb-node.test-cluster.default.svc","cluster":"test-cluster"},"hostname":"test-container","logshipper":"couchbase.sidecar.fluentbit","pod":{"name":"test-pod","namespace":"default"},"fluentbit.version":"99","level":"INFO","level_numeric":"20"}]
/fluent-bit/test/logs/eventing.log.actual: [__IGNORED__, {"file_path":"/fluent-bit/test/logs","file":"eventing.log","filename":"/fluent-bit/test/logs/eventing.log","timestamp":"2021-03-09T17:32:19.670+00:00","message":" Client::Get URL: http://127.0.0.1:8096/getAggRebalanceProgress Failed to set auth params, err: Unable to find given hostport in cbauth database: `127.0.0.1:8096'","couchbase":{"logging.version":"99","node":"cb-node.test-cluster.default.svc","cluster":"test-cluster"},"hostname":"test-container","logshipper":"couchbase.sidecar.fluentbit","pod":{"name":"test-pod","namespace":"default"},"fluentbit.version":"99","level":"ERROR","level_numeric":"40"}]
/fluent-bit/test/logs/eventing.log.actual: [__IGNORED__, {"file_path":"/fluent-bit/test/logs","file":"eventing.log","filename":"/fluent-bit/test/logs/eventing.log","timestamp":"2021-03-09T17:32:19.670+00:00","message":" rebalancer::gatherProgress Failed to capture rebalance progress, initProgress: &{0 0 0 0 <nil>} errMap dump: map[127.0.0.1:8096:Unable to find given hostport in cbauth database: `127.0.0.1:8096']","couchbase":{"logging.version":"99","node":"cb-node.test-cluster.default.svc","cluster":"test-cluster"},"hostname":"test-container","logshipper":"couchbase.sidecar.fluentbit","pod":{"name":"test-pod","namespace":"default"},"fluentbit.version":"99","level":"WARN","level_numeric":"30"}]
/fluent-bit/test/logs/eventing.log.actual: [__IGNORED__, {"file_path":"/fluent-bit/test/logs","file":"eventing.log","filename":"/fluent-bit/test/logs/eventing.log","timestamp":"2021-03-09T17:33:15.511+00:00","message":" {\"allocated\":4579288,\"heap_allocated\":4579288,\"heap_idle\":2039808,\"heap_in_use\":6217728,\"heap_objects\":15978,\"heap_os_related\":0,\"heap_system\":8257536,\"last_gc_cycle\":\"2021-03-09 17:32:56.8622849 +0000 UTC\",\"memory_allocations\":47238,\"memory_frees\":31260,\"next_gc_cycle\":\"6ms\",\"num_gc\":4,\"stack_cache_in_use\":10416,\"stack_in_use\":1179648,\"stack_span_in_use\":70984,\"stack_system\":1179648,\"total_allocated\":9661616}","couchbase":{"logging.version":"99","node":"cb-node.test-cluster.default.svc","cluster":"test-cluster"},"hostname":"test-container","logshipper":"couchbase.sidecar.fluentbit","pod":{"name":"test-pod","namespace":"default"},"fluentbit.version":"99","level":"INFO","level_numeric":"20"}]
