/fluent-bit/test/logs/http_access_internal.log.actual: [1615311122.000000000, {"file_path":"/fluent-bit/test/logs","file":"http_access_internal.log","filename":"/fluent-bit/test/logs/http_access_internal.log","host":"127.0.0.1","user":"@","timestamp":"09/Mar/2021:17:32:02 +0000","method":"RPCCONNECT","path":"/goxdcr-cbauth","code":"200","size":"0","client":"Go-http-client/1.1","hostname":"test-container","logshipper":"couchbase.sidecar.fluentbit","fluentbit.version":"99","pod":{"name":"test-pod"},"couchbase":{"logging.version":"99","cluster":"test-cluster"},"level":"INFO","level_numeric":"20"}]
/fluent-bit/test/logs/http_access_internal.log.actual: [1615311133.000000000, {"file_path":"/fluent-bit/test/logs","file":"http_access_internal.log","filename":"/fluent-bit/test/logs/http_access_internal.log","host":"::1","user":"Administrator","timestamp":"09/Mar/2021:17:32:13 +0000","method":"GET","path":"/pools/default","code":"404","size":"14","client":"Go-http-client/1.1","hostname":"test-container","logshipper":"couchbase.sidecar.fluentbit","fluentbit.version":"99","pod":{"name":"test-pod"},"couchbase":{"logging.version":"99","cluster":"test-cluster"},"level":"INFO","level_numeric":"20"}]
/fluent-bit/test/logs/http_access_internal.log.actual: [1615311134.000000000, {"file_path":"/fluent-bit/test/logs","file":"http_access_internal.log","filename":"/fluent-bit/test/logs/http_access_internal.log","host":"10.244.1.2","user":"Administrator","timestamp":"09/Mar/2021:17:32:14 +0000","method":"GET","path":"/pools","code":"200","size":"541","client":"couchbase-operator/2.2.0 (commit/10459d7c9b0642eb398bdc59ad45b26201065ba1; build/999)","hostname":"test-container","logshipper":"couchbase.sidecar.fluentbit","fluentbit.version":"99","pod":{"name":"test-pod"},"couchbase":{"logging.version":"99","cluster":"test-cluster"},"level":"INFO","level_numeric":"20"}]
/fluent-bit/test/logs/http_access_internal.log.actual: [1615311134.000000000, {"file_path":"/fluent-bit/test/logs","file":"http_access_internal.log","filename":"/fluent-bit/test/logs/http_access_internal.log","host":"127.0.0.1","user":"@","timestamp":"09/Mar/2021:17:32:14 +0000","method":"RPCCONNECT","path":"/index-cbauth","code":"200","size":"0","client":"Go-http-client/1.1","hostname":"test-container","logshipper":"couchbase.sidecar.fluentbit","fluentbit.version":"99","pod":{"name":"test-pod"},"couchbase":{"logging.version":"99","cluster":"test-cluster"},"level":"INFO","level_numeric":"20"}]
/fluent-bit/test/logs/http_access_internal.log.actual: [1615311134.000000000, {"file_path":"/fluent-bit/test/logs","file":"http_access_internal.log","filename":"/fluent-bit/test/logs/http_access_internal.log","host":"127.0.0.1","user":"@index-cbauth","timestamp":"09/Mar/2021:17:32:14 +0000","method":"GET","path":"/_metakv/indexing/settings/config","code":"200","size":"937","client":"Go-http-client/1.1","hostname":"test-container","logshipper":"couchbase.sidecar.fluentbit","fluentbit.version":"99","pod":{"name":"test-pod"},"couchbase":{"logging.version":"99","cluster":"test-cluster"},"level":"INFO","level_numeric":"20"}]
