/fluent-bit/test/logs/indexer.log.actual: [1615311134.943000000, {"filename":"/fluent-bit/test/logs/indexer.log","timestamp":"2021-03-09T17:32:14.943+00:00","level":"Info","message":" Indexer started with command line: [/opt/couchbase/bin/indexer -adminPort=9100 -scanPort=9101 -httpPort=9102 -streamInitPort=9103 -streamCatchupPort=9104 -streamMaintPort=9105 --httpsPort=19102 --certFile=/opt/couchbase/var/lib/couchbase/config/memcached-cert.pem --keyFile=/opt/couchbase/var/lib/couchbase/config/memcached-key.pem -vbuckets=1024 -cluster=127.0.0.1:8091 -storageDir=/opt/couchbase/var/lib/couchbase/data/@2i -diagDir=/opt/couchbase/var/lib/couchbase/crash -nodeUUID=6fc08c5818ffa52dc6c624eda31bddc1 -ipv6=false -isEnterprise=true]"}]
/fluent-bit/test/logs/indexer.log.actual: [1615311135.137000000, {"filename":"/fluent-bit/test/logs/indexer.log","timestamp":"2021-03-09T17:32:15.137+00:00","level":"INFO","message":"[FDB] Forestdb blockcache size 1048576 initialized in 102 us"}]
/fluent-bit/test/logs/indexer.log.actual: [1615311135.137000000, {"filename":"/fluent-bit/test/logs/indexer.log","timestamp":"2021-03-09T17:32:15.137+00:00","level":"Info","message":" Starting metadadta repo: quota 1048576 sleep duration 900 threshold 0 min file size 0"}]
/fluent-bit/test/logs/indexer.log.actual: [1615311135.138000000, {"filename":"/fluent-bit/test/logs/indexer.log","timestamp":"2021-03-09T17:32:15.138+00:00","level":"INFO","message":"[FDB] Forestdb opened database file /opt/couchbase/var/lib/couchbase/data/@2i/MetadataStore"}]
/fluent-bit/test/logs/indexer.log.actual: [1615311135.147000000, {"filename":"/fluent-bit/test/logs/indexer.log","timestamp":"2021-03-09T17:32:15.147+00:00","level":"Info","message":" EmbeddedServer.runOnce() : Start Running Server"}]
/fluent-bit/test/logs/indexer.log.actual: [1615311135.158000000, {"filename":"/fluent-bit/test/logs/indexer.log","timestamp":"2021-03-09T17:32:15.158+00:00","level":"Error","message":" KVSender::sendShutdownTopic Unexpected Error During Shutdown Projector cb-example-0000.cb-example.default.svc:9999 Topic MAINT_STREAM_TOPIC_6fc08c5818ffa52dc6c624eda31bddc1. Err projector.topicMissing"}]
/fluent-bit/test/logs/indexer.log.actual: [1615311135.158000000, {"filename":"/fluent-bit/test/logs/indexer.log","timestamp":"2021-03-09T17:32:15.158+00:00","level":"Error","message":" KVSender::closeMutationStream MAINT_STREAM  Error Received projector.topicMissing from cb-example-0000.cb-example.default.svc:9999"}]
/fluent-bit/test/logs/indexer.log.actual: [1615311135.158000000, {"filename":"/fluent-bit/test/logs/indexer.log","timestamp":"2021-03-09T17:32:15.158+00:00","level":"Info","message":" KVSender::closeMutationStream MAINT_STREAM  Treating projector.topicMissing As Success"}]
/fluent-bit/test/logs/indexer.log.actual: [1615311135.159000000, {"filename":"/fluent-bit/test/logs/indexer.log","timestamp":"2021-03-09T17:32:15.159+00:00","level":"Error","message":" KVSender::sendShutdownTopic Unexpected Error During Shutdown Projector cb-example-0000.cb-example.default.svc:9999 Topic INIT_STREAM_TOPIC_6fc08c5818ffa52dc6c624eda31bddc1. Err projector.topicMissing"}]
/fluent-bit/test/logs/indexer.log.actual: [1615311135.159000000, {"filename":"/fluent-bit/test/logs/indexer.log","timestamp":"2021-03-09T17:32:15.159+00:00","level":"Error","message":" KVSender::closeMutationStream INIT_STREAM  Error Received projector.topicMissing from cb-example-0000.cb-example.default.svc:9999"}]
/fluent-bit/test/logs/indexer.log.actual: [1615311135.159000000, {"filename":"/fluent-bit/test/logs/indexer.log","timestamp":"2021-03-09T17:32:15.159+00:00","level":"Info","message":" KVSender::closeMutationStream INIT_STREAM  Treating projector.topicMissing As Success"}]
/fluent-bit/test/logs/indexer.log.actual: [1615311135.164000000, {"filename":"/fluent-bit/test/logs/indexer.log","timestamp":"2021-03-09T17:32:15.164+00:00","level":"Warn","message":" Encountered error while reading persisted stats. Skipping read. Error: open /opt/couchbase/var/lib/couchbase/data/@2i/indexstats/stats: no such file or directory"}]
/fluent-bit/test/logs/indexer.log.actual: [1615311135.164000000, {"filename":"/fluent-bit/test/logs/indexer.log","timestamp":"2021-03-09T17:32:15.164+00:00","level":"Info","message":" MutationMgr::handleUpdateIndexInstMap \n\tMessage: MsgUpdateInstMap"}]
/fluent-bit/test/logs/indexer.log.actual: [1615311135.164000000, {"filename":"/fluent-bit/test/logs/indexer.log","timestamp":"2021-03-09T17:32:15.164+00:00","level":"Info","message":" MutationMgr::handleUpdateIndexPartnMap \n\tMessage: MsgUpdatePartnMap"}]
/fluent-bit/test/logs/indexer.log.actual: [1615311135.164000000, {"filename":"/fluent-bit/test/logs/indexer.log","timestamp":"2021-03-09T17:32:15.164+00:00","level":"Info","message":" ClustMgr:handleIndexMap \n\tMessage: MsgUpdateInstMap"}]
/fluent-bit/test/logs/indexer.log.actual: [1615311135.164000000, {"filename":"/fluent-bit/test/logs/indexer.log","timestamp":"2021-03-09T17:32:15.164+00:00","level":"Info","message":" ClustMgr:handleGetLocalValue Key IndexerState"}]
/fluent-bit/test/logs/indexer.log.actual: [1615311135.183000000, {"filename":"/fluent-bit/test/logs/indexer.log","timestamp":"2021-03-09T17:32:15.183+00:00","level":"Info","message":" New settings received: \n{\"indexer.settings.compaction.days_of_week\":\"Sunday,Monday,Tuesday,Wednesday,Thursday,Friday,Saturday\",\"indexer.settings.compaction.interval\":\"00:00,00:00\",\"indexer.settings.persisted_snapshot.interval\":5000,\"indexer.settings.log_level\":\"info\",\"indexer.settings.compaction.compaction_mode\":\"circular\",\"indexer.settings.compaction.min_frag\":30,\"indexer.settings.inmemory_snapshot.interval\":200,\"indexer.settings.max_cpu_percent\":0,\"indexer.settings.storage_mode\":\"memory_optimized\",\"indexer.settings.recovery.max_rollbacks\":2,\"indexer.settings.memory_quota\":268435456,\"indexer.settings.compaction.abort_exceed_interval\":false}"}]
/fluent-bit/test/logs/indexer.log.actual: [1615311135.183000000, {"filename":"/fluent-bit/test/logs/indexer.log","timestamp":"2021-03-09T17:32:15.183+00:00","level":"Info","message":" Setting maxcpus = 6"}]
/fluent-bit/test/logs/indexer.log.actual: [1615311135.828000000, {"filename":"/fluent-bit/test/logs/indexer.log","timestamp":"2021-03-09T17:32:15.828+00:00","level":"Error","message":" HTTPS Server terminates on error: accept tcp4 0.0.0.0:19102: use of closed network connection"}]
/fluent-bit/test/logs/indexer.log.actual: [1615311139.789000000, {"filename":"/fluent-bit/test/logs/indexer.log","timestamp":"2021-03-09T17:32:19.789+00:00","level":"Info","message":" ServiceMgr::registerGlobalRebalanceToken ClusterInfo Node List doesn't match Known Nodes in Rebalance Request. Skip Rebalance. cinfo &{{{1 0} 0 0 -1073741824 0} http://%40index-cbauth:963b8b4bf2661832ad601884a2fb2fcf@127.0.0.1:8091 default ServiceMgr:  ServiceMgr 600 false map[] {0xc42001b080 {@index-cbauth 963b8b4bf2661832ad601884a2fb2fcf} {map[sasl:3.1.2 os_mon:2.4.4 ale:0.0.0 stdlib:3.4.5.1 public_key:1.5.2 asn1:5.0.5.2 inets:6.5.2.4 crypto:4.2.2.2 lhttpc:1.3.0 ssl:8.2.6.4 kernel:5.4.3.2 ns_server:6.6.0-7909-enterprise] 6.6.0-7909-enterprise true c21e4070f646092453f02e71f1ba1e3e [{default /poolsStreaming/default?uuid=c21e4070f646092453f02e71f1ba1e3e /pools/default?uuid=c21e4070f646092453f02e71f1ba1e3e}] false} ServiceMgr} {map[] [{393222 active http://cb-example-0000.cb-example.default.svc:8092/ cb-example-0000.cb-example.default.svc:8091 map[] 9587 9587 9.988468736e+09 1.2566716416e+10 x86_64-unknown-linux-gnu map[direct:11210 httpsCAPI:18092 httpsMgmt:18091 distTCP:21100 distTLS:21150] healthy 21 6.6.0-7909-enterprise true [cbas eventing fts index kv n1ql] 6fc08c5818ffa52dc6c624eda31bddc1}] map[uri:/pools/default/buckets?v=40310070&uuid=c21e4070f646092453f02e71f1ba1e3e terseBucketsBase:/pools/default/b/ terseStreamingBucketsBase:/pools/default/bs/] /pools/default/serverGroups?v=102966465 {0xc42001b080 {@index-cbauth 963b8b4bf2661832ad601884a2fb2fcf} {map[sasl:3.1.2 os_mon:2.4.4 ale:0.0.0 stdlib:3.4.5.1 public_key:1.5.2 asn1:5.0.5.2 inets:6.5.2.4 crypto:4.2.2.2 lhttpc:1.3.0 ssl:8.2.6.4 kernel:5.4.3.2 ns_server:6.6.0-7909-enterprise] 6.6.0-7909-enterprise true c21e4070f646092453f02e71f1ba1e3e [{default /poolsStreaming/default?uuid=c21e4070f646092453f02e71f1ba1e3e /pools/default?uuid=c21e4070f646092453f02e71f1ba1e3e}] false} ServiceMgr}} [{393222 active http://cb-example-0000.cb-example.default.svc:8092/ cb-example-0000.cb-example.default.svc:8091 map[] 9587 9587 9.988468736e+09 1.2566716416e+10 x86_64-unknown-linux-gnu map[distTCP:21100 distTLS:21150 direct:11210 httpsCAPI:18092 httpsMgmt:18091] healthy 21 6.6.0-7909-enterprise true [cbas eventing fts index kv n1ql] 6fc08c5818ffa52dc6c624eda31bddc1}] [{map[capi:8092 kvSSL:11207 ftsGRPCSSL:19130 mgmt:8091 cbasSSL:18095 fts:8094 ftsSSL:18094 kv:11210 projector:9999 cbas:8095 eventingAdminPort:8096 eventingDebug:9140 eventingSSL:18096 ftsGRPC:9130 capiSSL:18092 mgmtSSL:18091] cb-example-0000.cb-example.default.svc true}] map[0:Group 1] [] [] 6 6 map[11210:11207 9100:9100 9102:19102 9105:9105 9999:9999 8093:18093 9101:9101 9103:9103 9104:9104]}, change {6aef401a614ba2c5b8b18e3850720409 [] topology-change-rebalance [{{6fc08c5818ffa52dc6c624eda31bddc1 4 <nil>} recovery-full}] []}"}]
/fluent-bit/test/logs/indexer.log.actual: [1615311139.822000000, {"filename":"/fluent-bit/test/logs/indexer.log","timestamp":"2021-03-09T17:32:19.822+00:00","level":"Error","message":" DDLServiceMgr: notifyNewTopologyChange(): Failed to initialize metadata provider.  Error=DDLServiceMgr: Failed to initialize metadata provider.  Unknown host=map[6fc08c5818ffa52dc6c624eda31bddc1:true]."}]
/fluent-bit/test/logs/indexer.log.actual: [1615311139.822000000, {"filename":"/fluent-bit/test/logs/indexer.log","timestamp":"2021-03-09T17:32:19.822+00:00","level":"Warn","message":" DDLServiceMgr: Failed to clean delete index token upon rebalancing.  Skip Cleanup. Internal Error = DDLServiceMgr: Failed to initialize metadata provider.  Unknown host=map[6fc08c5818ffa52dc6c624eda31bddc1:true]"}]
/fluent-bit/test/logs/indexer.log.actual: [1615311195.079000000, {"filename":"/fluent-bit/test/logs/indexer.log","timestamp":"2021-03-09T17:33:15.079+00:00","level":"Info","message":" PeriodicStats = {\"cpu_utilization\":0.7007708479327259,\"index_not_found_errcount\":0,\"indexer_state\":\"Active\",\"memory_free\":143179776,\"memory_quota\":268435456,\"memory_rss\":30777344,\"memory_total\":12566716416,\"memory_total_storage\":5386240,\"memory_used\":63188992,\"memory_used_queue\":0,\"memory_used_storage\":163840,\"needs_restart\":false,\"num_connections\":0,\"num_cpu_core\":6,\"storage_mode\":\"memory_optimized\",\"timestamp\":\"1615311195079510000\",\"timings/stats_response\":\"70 10264400 4650710980000\",\"uptime\":\"1m0.1359561s\"}"}]
/fluent-bit/test/logs/indexer.log.actual: [1615311195.113000000, {"filename":"/fluent-bit/test/logs/indexer.log","timestamp":"2021-03-09T17:33:15.113+00:00","level":"Info","message":" memstats {\"Alloc\":54448144, \"TotalAlloc\":56174288, \"Sys\":62527736, \"Lookups\":71, \"Mallocs\":23216,\"Frees\":14711, \"HeapAlloc\":54448144, \"HeapSys\":56295424, \"HeapIdle\":671744, \"HeapInuse\":55623680,\"HeapReleased\":638976, \"HeapObjects\":8505,\"GCSys\":2015232, \"LastGC\":1615311135177629200,\"PauseTotalNs\":25853800, \"PauseNs\":[], \"NumGC\":4}"}]
/fluent-bit/test/logs/indexer.log.actual: [1615311207.558000000, {"filename":"/fluent-bit/test/logs/indexer.log","timestamp":"2021-03-09T17:33:27.558+00:00","level":"Info","message":" ************ Indexer Layout *************"}]
/fluent-bit/test/logs/indexer.log.actual: [1615311207.559000000, {"filename":"/fluent-bit/test/logs/indexer.log","timestamp":"2021-03-09T17:33:27.559+00:00","level":"Info","message":" Score: NaN"}]
/fluent-bit/test/logs/indexer.log.actual: [1615311207.559000000, {"filename":"/fluent-bit/test/logs/indexer.log","timestamp":"2021-03-09T17:33:27.559+00:00","level":"Info","message":" variation: NaN"}]
/fluent-bit/test/logs/indexer.log.actual: [1615311207.559000000, {"filename":"/fluent-bit/test/logs/indexer.log","timestamp":"2021-03-09T17:33:27.559+00:00","level":"Info","message":" ElapsedTime: 26us"}]
/fluent-bit/test/logs/indexer.log.actual: [1615311207.559000000, {"filename":"/fluent-bit/test/logs/indexer.log","timestamp":"2021-03-09T17:33:27.559+00:00","level":"Info","message":" ConvergenceTime: 6us"}]
/fluent-bit/test/logs/indexer.log.actual: [1615311207.559000000, {"filename":"/fluent-bit/test/logs/indexer.log","timestamp":"2021-03-09T17:33:27.559+00:00","level":"Info","message":" Iteration: 0"}]
/fluent-bit/test/logs/indexer.log.actual: [1615311207.559000000, {"filename":"/fluent-bit/test/logs/indexer.log","timestamp":"2021-03-09T17:33:27.559+00:00","level":"Info","message":" Move: 0"}]
/fluent-bit/test/logs/indexer.log.actual: [1615311207.559000000, {"filename":"/fluent-bit/test/logs/indexer.log","timestamp":"2021-03-09T17:33:27.559+00:00","level":"Info","message":" ----------------------------------------"}]
/fluent-bit/test/logs/indexer.log.actual: [1615311207.559000000, {"filename":"/fluent-bit/test/logs/indexer.log","timestamp":"2021-03-09T17:33:27.559+00:00","level":"Info","message":" Indexer Memory Mean 0 (0)"}]
/fluent-bit/test/logs/indexer.log.actual: [1615311207.559000000, {"filename":"/fluent-bit/test/logs/indexer.log","timestamp":"2021-03-09T17:33:27.559+00:00","level":"Info","message":" Indexer Memory Deviation 0 (0) (0.00%)"}]
/fluent-bit/test/logs/indexer.log.actual: [1615311207.559000000, {"filename":"/fluent-bit/test/logs/indexer.log","timestamp":"2021-03-09T17:33:27.559+00:00","level":"Info","message":" Indexer Memory Utilization 0.0000"}]
/fluent-bit/test/logs/indexer.log.actual: [1615311207.559000000, {"filename":"/fluent-bit/test/logs/indexer.log","timestamp":"2021-03-09T17:33:27.559+00:00","level":"Info","message":" Indexer CPU Mean 0.0000"}]
/fluent-bit/test/logs/indexer.log.actual: [1615311207.559000000, {"filename":"/fluent-bit/test/logs/indexer.log","timestamp":"2021-03-09T17:33:27.559+00:00","level":"Info","message":" Indexer CPU Deviation 0.00 (0.00%)"}]
/fluent-bit/test/logs/indexer.log.actual: [1615311207.559000000, {"filename":"/fluent-bit/test/logs/indexer.log","timestamp":"2021-03-09T17:33:27.559+00:00","level":"Info","message":" Indexer CPU Utilization 0.0000"}]
/fluent-bit/test/logs/indexer.log.actual: [1615311207.559000000, {"filename":"/fluent-bit/test/logs/indexer.log","timestamp":"2021-03-09T17:33:27.559+00:00","level":"Info","message":" Indexer IO Mean 0.0000"}]
/fluent-bit/test/logs/indexer.log.actual: [1615311207.559000000, {"filename":"/fluent-bit/test/logs/indexer.log","timestamp":"2021-03-09T17:33:27.559+00:00","level":"Info","message":" Indexer IO Deviation 0.00 (0.00%)"}]
/fluent-bit/test/logs/indexer.log.actual: [1615311207.559000000, {"filename":"/fluent-bit/test/logs/indexer.log","timestamp":"2021-03-09T17:33:27.559+00:00","level":"Info","message":" Indexer Drain Rate Mean 0.0000"}]
/fluent-bit/test/logs/indexer.log.actual: [1615311207.559000000, {"filename":"/fluent-bit/test/logs/indexer.log","timestamp":"2021-03-09T17:33:27.559+00:00","level":"Info","message":" Indexer Drain Rate Deviation 0.00 (0.00%)"}]
/fluent-bit/test/logs/indexer.log.actual: [1615311207.559000000, {"filename":"/fluent-bit/test/logs/indexer.log","timestamp":"2021-03-09T17:33:27.559+00:00","level":"Info","message":" Indexer Scan Rate Mean 0.0000"}]
/fluent-bit/test/logs/indexer.log.actual: [1615311207.559000000, {"filename":"/fluent-bit/test/logs/indexer.log","timestamp":"2021-03-09T17:33:27.559+00:00","level":"Info","message":" Indexer Scan Rate Deviation 0.00 (0.00%)"}]
/fluent-bit/test/logs/indexer.log.actual: [1615311207.559000000, {"filename":"/fluent-bit/test/logs/indexer.log","timestamp":"2021-03-09T17:33:27.559+00:00","level":"Info","message":" Indexer Data Size Mean 0 (0)"}]
/fluent-bit/test/logs/indexer.log.actual: [1615311207.559000000, {"filename":"/fluent-bit/test/logs/indexer.log","timestamp":"2021-03-09T17:33:27.559+00:00","level":"Info","message":" Indexer Data Size Deviation 0 (0) (0.00%)"}]
/fluent-bit/test/logs/indexer.log.actual: [1615311207.559000000, {"filename":"/fluent-bit/test/logs/indexer.log","timestamp":"2021-03-09T17:33:27.559+00:00","level":"Info","message":" Total Index Data (from non-deleted node) 0"}]
/fluent-bit/test/logs/indexer.log.actual: [1615311207.559000000, {"filename":"/fluent-bit/test/logs/indexer.log","timestamp":"2021-03-09T17:33:27.559+00:00","level":"Info","message":" Index Data Moved (exclude new node) 0 (0.00%)"}]
/fluent-bit/test/logs/indexer.log.actual: [1615311207.559000000, {"filename":"/fluent-bit/test/logs/indexer.log","timestamp":"2021-03-09T17:33:27.559+00:00","level":"Info","message":" No. Index (from non-deleted node) 0"}]
/fluent-bit/test/logs/indexer.log.actual: [1615311207.559000000, {"filename":"/fluent-bit/test/logs/indexer.log","timestamp":"2021-03-09T17:33:27.559+00:00","level":"Info","message":" No. Index Moved (exclude new node) 0 (0.00%)"}]
/fluent-bit/test/logs/indexer.log.actual: [1615311207.559000000, {"filename":"/fluent-bit/test/logs/indexer.log","timestamp":"2021-03-09T17:33:27.559+00:00","level":"Info","message":" ----------------------------------------"}]
/fluent-bit/test/logs/indexer.log.actual: [1615311207.560000000, {"filename":"/fluent-bit/test/logs/indexer.log","timestamp":"2021-03-09T17:33:27.560+00:00","level":"Info","message":" Number of indexes: 0"}]
/fluent-bit/test/logs/indexer.log.actual: [1615311207.560000000, {"filename":"/fluent-bit/test/logs/indexer.log","timestamp":"2021-03-09T17:33:27.560+00:00","level":"Info","message":" Number of indexers: 3"}]
/fluent-bit/test/logs/indexer.log.actual: [1615311207.560000000, {"filename":"/fluent-bit/test/logs/indexer.log","timestamp":"2021-03-09T17:33:27.560+00:00","level":"Info","message":" Avg Index Size: 0 (0)"}]
/fluent-bit/test/logs/indexer.log.actual: [1615311207.560000000, {"filename":"/fluent-bit/test/logs/indexer.log","timestamp":"2021-03-09T17:33:27.560+00:00","level":"Info","message":" Max Index Size: 0 (0)"}]
/fluent-bit/test/logs/indexer.log.actual: [1615311207.560000000, {"filename":"/fluent-bit/test/logs/indexer.log","timestamp":"2021-03-09T17:33:27.560+00:00","level":"Info","message":" Max Indexer Overhead: 0 (0)"}]
/fluent-bit/test/logs/indexer.log.actual: [1615311207.560000000, {"filename":"/fluent-bit/test/logs/indexer.log","timestamp":"2021-03-09T17:33:27.560+00:00","level":"Info","message":" Avg Index Cpu: 0.0000"}]
/fluent-bit/test/logs/indexer.log.actual: [1615311207.560000000, {"filename":"/fluent-bit/test/logs/indexer.log","timestamp":"2021-03-09T17:33:27.560+00:00","level":"Info","message":" Max Index Cpu: 0.0000"}]
/fluent-bit/test/logs/indexer.log.actual: [1615311207.560000000, {"filename":"/fluent-bit/test/logs/indexer.log","timestamp":"2021-03-09T17:33:27.560+00:00","level":"Info","message":" Num Estimation Run: 0"}]
/fluent-bit/test/logs/indexer.log.actual: [1615311207.560000000, {"filename":"/fluent-bit/test/logs/indexer.log","timestamp":"2021-03-09T17:33:27.560+00:00","level":"Info","message":" ----------------------------------------"}]
/fluent-bit/test/logs/indexer.log.actual: [1615311207.560000000, {"filename":"/fluent-bit/test/logs/indexer.log","timestamp":"2021-03-09T17:33:27.560+00:00","level":"Info","message":" Memory Quota 268435456 (256M)"}]
/fluent-bit/test/logs/indexer.log.actual: [1615311207.560000000, {"filename":"/fluent-bit/test/logs/indexer.log","timestamp":"2021-03-09T17:33:27.560+00:00","level":"Info","message":" CPU Quota 6"}]
/fluent-bit/test/logs/indexer.log.actual: [1615311207.560000000, {"filename":"/fluent-bit/test/logs/indexer.log","timestamp":"2021-03-09T17:33:27.560+00:00","level":"Info","message":" Max Cpu Utilization -1"}]
/fluent-bit/test/logs/indexer.log.actual: [1615311207.560000000, {"filename":"/fluent-bit/test/logs/indexer.log","timestamp":"2021-03-09T17:33:27.560+00:00","level":"Info","message":" Max Memory Utilization -1"}]
/fluent-bit/test/logs/indexer.log.actual: [1615311207.560000000, {"filename":"/fluent-bit/test/logs/indexer.log","timestamp":"2021-03-09T17:33:27.560+00:00","level":"Info","message":" ----------------------------------------"}]
/fluent-bit/test/logs/indexer.log.actual: [1615311207.560000000, {"filename":"/fluent-bit/test/logs/indexer.log","timestamp":"2021-03-09T17:33:27.560+00:00","level":"Info","message":" Total iteration: 0"}]
/fluent-bit/test/logs/indexer.log.actual: [1615311207.560000000, {"filename":"/fluent-bit/test/logs/indexer.log","timestamp":"2021-03-09T17:33:27.560+00:00","level":"Info","message":" RandomSwap time: 0ns"}]
/fluent-bit/test/logs/indexer.log.actual: [1615311207.560000000, {"filename":"/fluent-bit/test/logs/indexer.log","timestamp":"2021-03-09T17:33:27.560+00:00","level":"Info","message":" RandomSwap call: 0"}]
/fluent-bit/test/logs/indexer.log.actual: [1615311207.560000000, {"filename":"/fluent-bit/test/logs/indexer.log","timestamp":"2021-03-09T17:33:27.560+00:00","level":"Info","message":" RandomSwap iteration: 0"}]
/fluent-bit/test/logs/indexer.log.actual: [1615311207.560000000, {"filename":"/fluent-bit/test/logs/indexer.log","timestamp":"2021-03-09T17:33:27.560+00:00","level":"Info","message":" RandomMove time: 0ns"}]
/fluent-bit/test/logs/indexer.log.actual: [1615311207.560000000, {"filename":"/fluent-bit/test/logs/indexer.log","timestamp":"2021-03-09T17:33:27.560+00:00","level":"Info","message":" RandomMove call: 0 (empty index 0)"}]
/fluent-bit/test/logs/indexer.log.actual: [1615311207.560000000, {"filename":"/fluent-bit/test/logs/indexer.log","timestamp":"2021-03-09T17:33:27.560+00:00","level":"Info","message":" ExhaustMove time: 0ns"}]
/fluent-bit/test/logs/indexer.log.actual: [1615311207.560000000, {"filename":"/fluent-bit/test/logs/indexer.log","timestamp":"2021-03-09T17:33:27.560+00:00","level":"Info","message":" ExhaustMove call: 0"}]
/fluent-bit/test/logs/indexer.log.actual: [1615311207.560000000, {"filename":"/fluent-bit/test/logs/indexer.log","timestamp":"2021-03-09T17:33:27.560+00:00","level":"Info","message":" ExhaustSwap time: 0ns"}]
/fluent-bit/test/logs/indexer.log.actual: [1615311207.560000000, {"filename":"/fluent-bit/test/logs/indexer.log","timestamp":"2021-03-09T17:33:27.560+00:00","level":"Info","message":" ExhaustSwap call: 0"}]
/fluent-bit/test/logs/indexer.log.actual: [1615311207.560000000, {"filename":"/fluent-bit/test/logs/indexer.log","timestamp":"2021-03-09T17:33:27.560+00:00","level":"Info","message":" ----------------------------------------"}]
/fluent-bit/test/logs/indexer.log.actual: [1615311207.560000000, {"filename":"/fluent-bit/test/logs/indexer.log","timestamp":"2021-03-09T17:33:27.560+00:00","level":"Info","message":" "}]
/fluent-bit/test/logs/indexer.log.actual: [1615314954.175000000, {"filename":"/fluent-bit/test/logs/indexer.log","timestamp":"2021-03-09T18:35:54.175+00:00","level":"Info","message":" Indexer::monitorMemUsage MemoryUsed Total 74608640 Idle 6373376"}]
/fluent-bit/test/logs/indexer.log.actual: [1615314964.024000000, {"filename":"/fluent-bit/test/logs/indexer.log","timestamp":"2021-03-09T18:36:04.024+00:00","level":"Info","message":" PeriodicStats = {\"cpu_utilization\":0.05490740415363531,\"index_not_found_errcount\":0,\"indexer_state\":\"Active\",\"memory_free\":230768640,\"memory_quota\":268435456,\"memory_rss\":41308160,\"memory_total\":12566716416,\"memory_total_storage\":5787648,\"memory_used\":68235264,\"memory_used_queue\":0,\"memory_used_storage\":212992,\"needs_restart\":false,\"num_connections\":0,\"num_cpu_core\":6,\"storage_mode\":\"memory_optimized\",\"timestamp\":\"1615314964024622700\",\"timings/stats_response\":\"3223 751458400 7050713208420000\",\"uptime\":\"1h3m49.0810949s\"}\n==== StorageStats ====\n[\n]"}]
/fluent-bit/test/logs/indexer.log.actual: [1615314964.050000000, {"filename":"/fluent-bit/test/logs/indexer.log","timestamp":"2021-03-09T18:36:04.050+00:00","level":"Info","message":" janitor: running cleanup."}]
