/fluent-bit/test/logs/query.log.actual: [1664806636.907601805, {"file_path":"/fluent-bit/test/logs","file":"query.log","message":"cbauth: key: fts/remoteClients registered for tls config updates","couchbase":{"cluster":"test-cluster","node":"cb-node.test-cluster.default.svc","logging.version":"99","search":"false","operator.version":"unknown","server.version":"unknown","node-config":"unknown","server.server":"unknown","analytics":"false","data":"false","eventing":"false","index":"false","query":"false"},"timestamp":"2021/03/09 17:32:15","pod":{"name":"test-pod","uid":"unknown","namespace":"default"},"logshipper":"couchbase.sidecar.fluentbit","filename":"/fluent-bit/test/logs/query.log","fluentbit.version":"99","hostname":"test-container","level":"UNKNOWN","level_numeric":"0"}]
/fluent-bit/test/logs/query.log.actual: [1664806636.907619055, {"file_path":"/fluent-bit/test/logs","file":"query.log","filename":"/fluent-bit/test/logs/query.log","message":" _msg= Initialization of cbauth succeeded  ","timestamp":"2021-03-09T17:32:15.241+00:00","couchbase":{"cluster":"test-cluster","node":"cb-node.test-cluster.default.svc","logging.version":"99","search":"false","operator.version":"unknown","server.version":"unknown","node-config":"unknown","server.server":"unknown","analytics":"false","data":"false","eventing":"false","index":"false","query":"false"},"logshipper":"couchbase.sidecar.fluentbit","pod":{"name":"test-pod","uid":"unknown","namespace":"default"},"fluentbit.version":"99","hostname":"test-container","level":"INFO","level_numeric":"20"}]
/fluent-bit/test/logs/query.log.actual: [1664806636.907670888, {"file_path":"/fluent-bit/test/logs","file":"query.log","filename":"/fluent-bit/test/logs/query.log","message":" _msg=New settings received: {\"timeout\":0,\"n1ql-feat-ctrl\":12,\"max-parallelism\":1,\"query.settings.curl_whitelist\":{\"all_access\":false,\"allowed_urls\":[],\"disallowed_urls\":[]},\"query.settings.tmp_space_dir\":\"/opt/couchbase/var/lib/couchbase/tmp\",\"completed-limit\":4000,\"prepared-limit\":16384,\"pipeline-batch\":16,\"pipeline-cap\":512,\"scan-cap\":512,\"loglevel\":\"info\",\"completed-threshold\":1000,\"query.settings.tmp_space_size\":5120} ","timestamp":"2021-03-09T17:32:15.260+00:00","couchbase":{"cluster":"test-cluster","node":"cb-node.test-cluster.default.svc","logging.version":"99","search":"false","operator.version":"unknown","server.version":"unknown","node-config":"unknown","server.server":"unknown","analytics":"false","data":"false","eventing":"false","index":"false","query":"false"},"logshipper":"couchbase.sidecar.fluentbit","pod":{"name":"test-pod","uid":"unknown","namespace":"default"},"fluentbit.version":"99","hostname":"test-container","level":"INFO","level_numeric":"20"}]
/fluent-bit/test/logs/query.log.actual: [1664806636.907675805, {"file_path":"/fluent-bit/test/logs","file":"query.log","filename":"/fluent-bit/test/logs/query.log","message":" _msg=New Value for curl whitelist <ud>map[allowed_urls:[] disallowed_urls:[] all_access:false]</ud> ","timestamp":"2021-03-09T17:32:15.260+00:00","couchbase":{"cluster":"test-cluster","node":"cb-node.test-cluster.default.svc","logging.version":"99","search":"false","operator.version":"unknown","server.version":"unknown","node-config":"unknown","server.server":"unknown","analytics":"false","data":"false","eventing":"false","index":"false","query":"false"},"logshipper":"couchbase.sidecar.fluentbit","pod":{"name":"test-pod","uid":"unknown","namespace":"default"},"fluentbit.version":"99","hostname":"test-container","level":"INFO","level_numeric":"20"}]
/fluent-bit/test/logs/query.log.actual: [1664806636.907719138, {"file_path":"/fluent-bit/test/logs","file":"query.log","filename":"/fluent-bit/test/logs/query.log","message":" GSIC - Setting config map[query_tmpspace_dir:/opt/couchbase/var/lib/couchbase/tmp query_tmpspace_limit:5120]","timestamp":"2021-03-09T17:32:15.267+00:00","couchbase":{"cluster":"test-cluster","node":"cb-node.test-cluster.default.svc","logging.version":"99","search":"false","operator.version":"unknown","server.version":"unknown","node-config":"unknown","server.server":"unknown","analytics":"false","data":"false","eventing":"false","index":"false","query":"false"},"logshipper":"couchbase.sidecar.fluentbit","pod":{"name":"test-pod","uid":"unknown","namespace":"default"},"fluentbit.version":"99","hostname":"test-container","level":"INFO","level_numeric":"20"}]
/fluent-bit/test/logs/query.log.actual: [1664806636.907723430, {"file_path":"/fluent-bit/test/logs","file":"query.log","filename":"/fluent-bit/test/logs/query.log","message":" _msg=Query Configuration changed for prepared-limit. New value is 16384 ","timestamp":"2021-03-09T17:32:15.268+00:00","couchbase":{"cluster":"test-cluster","node":"cb-node.test-cluster.default.svc","logging.version":"99","search":"false","operator.version":"unknown","server.version":"unknown","node-config":"unknown","server.server":"unknown","analytics":"false","data":"false","eventing":"false","index":"false","query":"false"},"logshipper":"couchbase.sidecar.fluentbit","pod":{"name":"test-pod","uid":"unknown","namespace":"default"},"fluentbit.version":"99","hostname":"test-container","level":"INFO","level_numeric":"20"}]
/fluent-bit/test/logs/query.log.actual: [1664806636.907726805, {"file_path":"/fluent-bit/test/logs","file":"query.log","filename":"/fluent-bit/test/logs/query.log","message":" Using plain authentication for user <ud>@cbq-engine</ud> ","timestamp":"2021-03-09T17:32:15.274+00:00","couchbase":{"cluster":"test-cluster","node":"cb-node.test-cluster.default.svc","logging.version":"99","search":"false","operator.version":"unknown","server.version":"unknown","node-config":"unknown","server.server":"unknown","analytics":"false","data":"false","eventing":"false","index":"false","query":"false"},"logshipper":"couchbase.sidecar.fluentbit","pod":{"name":"test-pod","uid":"unknown","namespace":"default"},"fluentbit.version":"99","hostname":"test-container","level":"INFO","level_numeric":"20"}]
/fluent-bit/test/logs/query.log.actual: [1664806636.907729888, {"file_path":"/fluent-bit/test/logs","file":"query.log","message":"audit: created new audit service","couchbase":{"cluster":"test-cluster","node":"cb-node.test-cluster.default.svc","logging.version":"99","search":"false","operator.version":"unknown","server.version":"unknown","node-config":"unknown","server.server":"unknown","analytics":"false","data":"false","eventing":"false","index":"false","query":"false"},"timestamp":"2021/03/09 17:32:15","pod":{"name":"test-pod","uid":"unknown","namespace":"default"},"logshipper":"couchbase.sidecar.fluentbit","filename":"/fluent-bit/test/logs/query.log","fluentbit.version":"99","hostname":"test-container","level":"UNKNOWN","level_numeric":"0"}]
/fluent-bit/test/logs/query.log.actual: [1664806636.907736346, {"file_path":"/fluent-bit/test/logs","file":"query.log","filename":"/fluent-bit/test/logs/query.log","message":" _msg=cbq-engine started scan-cap=512 request-size-cap=67108864 max-index-api=4 max-parallelism=1 loglevel=INFO datastore=http://127.0.0.1:8091 max-concurrency=6 servicers=24 pipeline-batch=16 timeout=0s version=6.5.0-N1QL pipeline-cap=512 request-cap=256 plus-servicers=96 n1ql_feat_cntrl=12 ","timestamp":"2021-03-09T17:32:15.302+00:00","couchbase":{"cluster":"test-cluster","node":"cb-node.test-cluster.default.svc","logging.version":"99","search":"false","operator.version":"unknown","server.version":"unknown","node-config":"unknown","server.server":"unknown","analytics":"false","data":"false","eventing":"false","index":"false","query":"false"},"logshipper":"couchbase.sidecar.fluentbit","pod":{"name":"test-pod","uid":"unknown","namespace":"default"},"fluentbit.version":"99","hostname":"test-container","level":"INFO","level_numeric":"20"}]
/fluent-bit/test/logs/query.log.actual: [1664806636.907740221, {"file_path":"/fluent-bit/test/logs","file":"query.log","filename":"/fluent-bit/test/logs/query.log","message":" _msg=Updating node-to-node encryption level: {EncryptData:false DisableNonSSLPorts:false} ","timestamp":"2021-03-09T17:32:15.304+00:00","couchbase":{"cluster":"test-cluster","node":"cb-node.test-cluster.default.svc","logging.version":"99","search":"false","operator.version":"unknown","server.version":"unknown","node-config":"unknown","server.server":"unknown","analytics":"false","data":"false","eventing":"false","index":"false","query":"false"},"logshipper":"couchbase.sidecar.fluentbit","pod":{"name":"test-pod","uid":"unknown","namespace":"default"},"fluentbit.version":"99","hostname":"test-container","level":"ERROR","level_numeric":"40"}]
/fluent-bit/test/logs/query.log.actual: [1664806636.907744888, {"file_path":"/fluent-bit/test/logs","file":"query.log","message":"cfg_metakv: metaKVCallback, path: /fts/cbgt/cfg/nodeDefs-known/6fc08c5818ffa52dc6c624eda31bddc1, key: nodeDefs-known/6fc08c5818ffa52dc6c624eda31bddc1, deletion: false","couchbase":{"cluster":"test-cluster","node":"cb-node.test-cluster.default.svc","logging.version":"99","search":"false","operator.version":"unknown","server.version":"unknown","node-config":"unknown","server.server":"unknown","analytics":"false","data":"false","eventing":"false","index":"false","query":"false"},"timestamp":"2021/03/09 17:32:15","pod":{"name":"test-pod","uid":"unknown","namespace":"default"},"logshipper":"couchbase.sidecar.fluentbit","filename":"/fluent-bit/test/logs/query.log","fluentbit.version":"99","hostname":"test-container","level":"UNKNOWN","level_numeric":"0"}]
/fluent-bit/test/logs/query.log.actual: [1664806636.907747971, {"file_path":"/fluent-bit/test/logs","file":"query.log","filename":"/fluent-bit/test/logs/query.log","message":" Reponse : Message:\"Evaluator initialized successfully\" ","timestamp":"2021-03-09T17:32:15.492+00:00","couchbase":{"cluster":"test-cluster","node":"cb-node.test-cluster.default.svc","logging.version":"99","search":"false","operator.version":"unknown","server.version":"unknown","node-config":"unknown","server.server":"unknown","analytics":"false","data":"false","eventing":"false","index":"false","query":"false"},"logshipper":"couchbase.sidecar.fluentbit","pod":{"name":"test-pod","uid":"unknown","namespace":"default"},"fluentbit.version":"99","hostname":"test-container","level":"INFO","level_numeric":"20"}]
/fluent-bit/test/logs/query.log.actual: [1664806636.907751471, {"file_path":"/fluent-bit/test/logs","file":"query.log","filename":"/fluent-bit/test/logs/query.log","message":" _msg=HttpEndpoint: close listener  Address=0.0.0.0:18093 err=<nil> ","timestamp":"2021-03-09T17:32:15.813+00:00","couchbase":{"cluster":"test-cluster","node":"cb-node.test-cluster.default.svc","logging.version":"99","search":"false","operator.version":"unknown","server.version":"unknown","node-config":"unknown","server.server":"unknown","analytics":"false","data":"false","eventing":"false","index":"false","query":"false"},"logshipper":"couchbase.sidecar.fluentbit","pod":{"name":"test-pod","uid":"unknown","namespace":"default"},"fluentbit.version":"99","hostname":"test-container","level":"INFO","level_numeric":"20"}]
/fluent-bit/test/logs/query.log.actual: [1664806636.907755180, {"file_path":"/fluent-bit/test/logs","file":"query.log","filename":"/fluent-bit/test/logs/query.log","message":" _msg=HttpEndpoint: close listener  Address=[::]:18093 err=<nil> ","timestamp":"2021-03-09T17:32:15.813+00:00","couchbase":{"cluster":"test-cluster","node":"cb-node.test-cluster.default.svc","logging.version":"99","search":"false","operator.version":"unknown","server.version":"unknown","node-config":"unknown","server.server":"unknown","analytics":"false","data":"false","eventing":"false","index":"false","query":"false"},"logshipper":"couchbase.sidecar.fluentbit","pod":{"name":"test-pod","uid":"unknown","namespace":"default"},"fluentbit.version":"99","hostname":"test-container","level":"INFO","level_numeric":"20"}]
/fluent-bit/test/logs/query.log.actual: [1664806636.907758513, {"file_path":"/fluent-bit/test/logs","file":"query.log","filename":"/fluent-bit/test/logs/query.log","message":" _msg=HttpEndpoint: ListenTLS Address=0.0.0.0:18093 ","timestamp":"2021-03-09T17:32:15.813+00:00","couchbase":{"cluster":"test-cluster","node":"cb-node.test-cluster.default.svc","logging.version":"99","search":"false","operator.version":"unknown","server.version":"unknown","node-config":"unknown","server.server":"unknown","analytics":"false","data":"false","eventing":"false","index":"false","query":"false"},"logshipper":"couchbase.sidecar.fluentbit","pod":{"name":"test-pod","uid":"unknown","namespace":"default"},"fluentbit.version":"99","hostname":"test-container","level":"INFO","level_numeric":"20"}]
/fluent-bit/test/logs/query.log.actual: [1664806636.907763055, {"file_path":"/fluent-bit/test/logs","file":"query.log","message":"cfg_metakv: metaKVCallback, path: /fts/cbgt/cfg/nodeDefs-wanted/d8d2a22b395590a449d3a07fed8f71ee, key: nodeDefs-wanted/d8d2a22b395590a449d3a07fed8f71ee, deletion: false","couchbase":{"cluster":"test-cluster","node":"cb-node.test-cluster.default.svc","logging.version":"99","search":"false","operator.version":"unknown","server.version":"unknown","node-config":"unknown","server.server":"unknown","analytics":"false","data":"false","eventing":"false","index":"false","query":"false"},"timestamp":"2021/03/09 17:33:25","pod":{"name":"test-pod","uid":"unknown","namespace":"default"},"logshipper":"couchbase.sidecar.fluentbit","filename":"/fluent-bit/test/logs/query.log","fluentbit.version":"99","hostname":"test-container","level":"UNKNOWN","level_numeric":"0"}]
/fluent-bit/test/logs/query.log.actual: [1664806636.907767680, {"file_path":"/fluent-bit/test/logs","file":"query.log","filename":"/fluent-bit/test/logs/query.log","message":" _msg=Audit update handler function 1: Got updated audit settings: AuditEnabled: true EventDisabled: map[] UserWhitelisted: <ud>map[]</ud> Uid: <ud>69990733</ud>  ","timestamp":"2021-03-09T17:33:49.755+00:00","couchbase":{"cluster":"test-cluster","node":"cb-node.test-cluster.default.svc","logging.version":"99","search":"false","operator.version":"unknown","server.version":"unknown","node-config":"unknown","server.server":"unknown","analytics":"false","data":"false","eventing":"false","index":"false","query":"false"},"logshipper":"couchbase.sidecar.fluentbit","pod":{"name":"test-pod","uid":"unknown","namespace":"default"},"fluentbit.version":"99","hostname":"test-container","level":"INFO","level_numeric":"20"}]
/fluent-bit/test/logs/query.log.actual: [1664806636.907771013, {"file_path":"/fluent-bit/test/logs","file":"query.log","filename":"/fluent-bit/test/logs/query.log","message":" Using plain authentication for user <ud>@cbq-engine</ud> ","timestamp":"2021-03-09T17:33:50.704+00:00","couchbase":{"cluster":"test-cluster","node":"cb-node.test-cluster.default.svc","logging.version":"99","search":"false","operator.version":"unknown","server.version":"unknown","node-config":"unknown","server.server":"unknown","analytics":"false","data":"false","eventing":"false","index":"false","query":"false"},"logshipper":"couchbase.sidecar.fluentbit","pod":{"name":"test-pod","uid":"unknown","namespace":"default"},"fluentbit.version":"99","hostname":"test-container","level":"INFO","level_numeric":"20"}]
/fluent-bit/test/logs/query.log.actual: [1664806636.907775596, {"file_path":"/fluent-bit/test/logs","file":"query.log","message":"cfg_metakv: metaKVCallback, path: /fts/cbgt/cfg/nodeDefs-wanted/1bc09cc30397ee4b247c01246b8595f8, key: nodeDefs-wanted/1bc09cc30397ee4b247c01246b8595f8, deletion: false","couchbase":{"cluster":"test-cluster","node":"cb-node.test-cluster.default.svc","logging.version":"99","search":"false","operator.version":"unknown","server.version":"unknown","node-config":"unknown","server.server":"unknown","analytics":"false","data":"false","eventing":"false","index":"false","query":"false"},"timestamp":"2021/03/09 20:23:44","pod":{"name":"test-pod","uid":"unknown","namespace":"default"},"logshipper":"couchbase.sidecar.fluentbit","filename":"/fluent-bit/test/logs/query.log","fluentbit.version":"99","hostname":"test-container","level":"UNKNOWN","level_numeric":"0"}]
